projects/amazon-trend-analyzer/qb_chunks/page_454_skip454000.csv
ASIN Buyability Flag,asin_status,CVR%,revenue,asp,units,gv,Images #,Videos #,Has A+ Content,Buybox Winner,Average Rating,Number of Ratings,bb_price,Ad CTR%,Ad CVR%,bsr,brand,Ad CPC$,ASIN (Description),Update Type,Sold By Amazon,Has Coupon?,Has Store Link?,In Stock Today?,category,Sellable On Hand Units,asin,date,Ad Cost,Ad Sales,Ad Clicks,Ad Impressions,Ad Conversions
In Stock,ACTIVE,0.061,15.0,7.67,2.0,33.0,6.0,0.0,True,,4.9,210.0,7.67,,,199.0,Glad for Kids (Disney),,"B0C2ZMYZKV (G4K Disney - 12oz Paper Bowls, 40ct -  Floral Frames MIXED PACK)",[],True,False,True,True,Disposable Tabletop,206.0,B0C2ZMYZKV,2025-12-19,,,,,
In Stock,ACTIVE,0.069,15.0,7.67,2.0,29.0,6.0,0.0,True,,4.9,209.0,7.86,,,159.0,Glad for Kids (Disney),,"B0C2ZMYZKV (G4K Disney - 12oz Paper Bowls, 40ct -  Floral Frames MIXED PACK)",[],True,False,True,True,Disposable Tabletop,218.0,B0C2ZMYZKV,2025-12-18,,,,,
In Stock,ACTIVE,0.063,16.0,7.86,2.0,32.0,6.0,0.0,True,,4.9,208.0,7.86,,,160.0,Glad for Kids (Disney),,"B0C2ZMYZKV (G4K Disney - 12oz Paper Bowls, 40ct -  Floral Frames MIXED PACK)",[],True,False,True,True,Disposable Tabletop,214.0,B0C2ZMYZKV,2025-12-17,,,,,
In Stock,ACTIVE,0.176,47.0,7.85,6.0,34.0,6.0,0.0,True,,4.9,208.0,7.86,,,164.0,Glad for Kids (Disney),,"B0C2ZMYZKV (G4K Disney - 12oz Paper Bowls, 40ct -  Floral Frames MIXED PACK)",[],True,False,True,True,Disposable Tabletop,217.0,B0C2ZMYZKV,2025-12-16,,,,,
In Stock,ACTIVE,0.102,39.0,7.82,5.0,49.0,6.0,0.0,True,,4.9,208.0,7.83,,,142.0,Glad for Kids (Disney),,"B0C2ZMYZKV (G4K Disney - 12oz Paper Bowls, 40ct -  Floral Frames MIXED PACK)",[],True,False,True,True,Disposable Tabletop,227.0,B0C2ZMYZKV,2025-12-15,,,,,
In Stock,ACTIVE,0.104,37.0,7.46,5.0,48.0,6.0,0.0,True,,4.9,208.0,7.82,,,162.0,Glad for Kids (Disney),,"B0C2ZMYZKV (G4K Disney - 12oz Paper Bowls, 40ct -  Floral Frames MIXED PACK)",[],True,False,True,True,Disposable Tabletop,229.0,B0C2ZMYZKV,2025-12-14,,,,,
In Stock,ACTIVE,0.067,16.0,7.82,2.0,30.0,6.0,0.0,True,,4.9,208.0,7.79,,,164.0,Glad for Kids (Disney),,"B0C2ZMYZKV (G4K Disney - 12oz Paper Bowls, 40ct -  Floral Frames MIXED PACK)",[],True,False,True,True,Disposable Tabletop,220.0,B0C2ZMYZKV,2025-12-13,,,,,
In Stock,ACTIVE,0.0,0.0,,0.0,17.0,6.0,0.0,True,,4.9,208.0,7.79,,,148.0,Glad for Kids (Disney),,"B0C2ZMYZKV (G4K Disney - 12oz Paper Bowls, 40ct -  Floral Frames MIXED PACK)",[],True,False,True,True,Disposable Tabletop,221.0,B0C2ZMYZKV,2025-12-12,,,,,
In Stock,ACTIVE,0.034,8.0,7.8,1.0,29.0,6.0,0.0,True,,4.9,208.0,7.8,,,154.0,Glad for Kids (Disney),,"B0C2ZMYZKV (G4K Disney - 12oz Paper Bowls, 40ct -  Floral Frames MIXED PACK)",[],True,False,True,True,Disposable Tabletop,221.0,B0C2ZMYZKV,2025-12-11,,,,,
In Stock,ACTIVE,0.154,29.0,7.36,4.0,26.0,6.0,0.0,True,,4.9,208.0,7.83,,,146.0,Glad for Kids (Disney),,"B0C2ZMYZKV (G4K Disney - 12oz Paper Bowls, 40ct -  Floral Frames MIXED PACK)",[],True,False,True,True,Disposable Tabletop,208.0,B0C2ZMYZKV,2025-12-10,,,,,
In Stock,ACTIVE,0.194,47.0,7.83,6.0,31.0,6.0,0.0,True,,4.9,206.0,7.83,,,118.0,Glad for Kids (Disney),,"B0C2ZMYZKV (G4K Disney - 12oz Paper Bowls, 40ct -  Floral Frames MIXED PACK)",[],True,False,True,True,Disposable Tabletop,224.0,B0C2ZMYZKV,2025-12-09,,,,,
In Stock,ACTIVE,0.333,50.0,7.18,7.0,21.0,6.0,0.0,True,,4.9,206.0,7.85,,,133.0,Glad for Kids (Disney),,"B0C2ZMYZKV (G4K Disney - 12oz Paper Bowls, 40ct -  Floral Frames MIXED PACK)",[],True,False,True,True,Disposable Tabletop,223.0,B0C2ZMYZKV,2025-12-08,,,,,
In Stock,ACTIVE,0.16,61.0,7.63,8.0,50.0,6.0,0.0,True,,4.9,206.0,7.87,,,166.0,Glad for Kids (Disney),,"B0C2ZMYZKV (G4K Disney - 12oz Paper Bowls, 40ct -  Floral Frames MIXED PACK)",[],True,False,True,True,Disposable Tabletop,221.0,B0C2ZMYZKV,2025-12-07,,,,,
In Stock,ACTIVE,0.138,28.0,7.06,4.0,29.0,6.0,0.0,True,,4.9,205.0,7.93,,,148.0,Glad for Kids (Disney),,"B0C2ZMYZKV (G4K Disney - 12oz Paper Bowls, 40ct -  Floral Frames MIXED PACK)",[],True,False,True,True,Disposable Tabletop,224.0,B0C2ZMYZKV,2025-12-06,,,,,
In Stock,ACTIVE,0.105,31.0,7.87,4.0,38.0,6.0,0.0,True,,4.9,205.0,7.93,,,149.0,Glad for Kids (Disney),,"B0C2ZMYZKV (G4K Disney - 12oz Paper Bowls, 40ct -  Floral Frames MIXED PACK)",[],True,False,True,True,Disposable Tabletop,218.0,B0C2ZMYZKV,2025-12-05,,,,,
In Stock,ACTIVE,0.156,38.0,7.57,5.0,32.0,6.0,0.0,True,,4.9,204.0,7.88,,,158.0,Glad for Kids (Disney),,"B0C2ZMYZKV (G4K Disney - 12oz Paper Bowls, 40ct -  Floral Frames MIXED PACK)",[],True,False,True,True,Disposable Tabletop,225.0,B0C2ZMYZKV,2025-12-04,,,,,
In Stock,ACTIVE,0.167,32.0,7.88,4.0,24.0,6.0,0.0,True,,4.9,204.0,7.88,,,126.0,Glad for Kids (Disney),,"B0C2ZMYZKV (G4K Disney - 12oz Paper Bowls, 40ct -  Floral Frames MIXED PACK)",[],True,False,True,True,Disposable Tabletop,245.0,B0C2ZMYZKV,2025-12-03,,,,,
In Stock,ACTIVE,0.111,24.0,7.87,3.0,27.0,6.0,0.0,True,,4.9,203.0,7.87,,,99.0,Glad for Kids (Disney),,"B0C2ZMYZKV (G4K Disney - 12oz Paper Bowls, 40ct -  Floral Frames MIXED PACK)",[],True,False,True,True,Disposable Tabletop,230.0,B0C2ZMYZKV,2025-12-02,,,,,
In Stock,ACTIVE,0.333,55.0,7.86,7.0,21.0,6.0,0.0,True,,4.9,203.0,7.87,,,108.0,Glad for Kids (Disney),,"B0C2ZMYZKV (G4K Disney - 12oz Paper Bowls, 40ct -  Floral Frames MIXED PACK)",[],True,False,True,True,Disposable Tabletop,232.0,B0C2ZMYZKV,2025-12-01,,,,,
In Stock,ACTIVE,0.08800000000000001,39.0,7.75,5.0,57.0,6.0,0.0,True,,4.9,202.0,7.75,,,108.0,Glad for Kids (Disney),,"B0C2ZMYZKV (G4K Disney - 12oz Paper Bowls, 40ct -  Floral Frames MIXED PACK)",[],True,False,True,True,Disposable Tabletop,236.0,B0C2ZMYZKV,2025-11-30,,,,,
In Stock,ACTIVE,0.154,31.0,7.75,4.0,26.0,6.0,0.0,True,,4.9,202.0,7.75,,,138.0,Glad for Kids (Disney),,"B0C2ZMYZKV (G4K Disney - 12oz Paper Bowls, 40ct -  Floral Frames MIXED PACK)",[],True,False,True,True,Disposable Tabletop,242.0,B0C2ZMYZKV,2025-11-29,0.0,0.0,0.0,0.0,0.0
In Stock,ACTIVE,0.3,45.0,7.45,6.0,20.0,6.0,0.0,True,,4.9,202.0,7.74,,,147.0,Glad for Kids (Disney),,"B0C2ZMYZKV (G4K Disney - 12oz Paper Bowls, 40ct -  Floral Frames MIXED PACK)",[],True,False,True,True,Disposable Tabletop,252.0,B0C2ZMYZKV,2025-11-28,,,,,
In Stock,ACTIVE,0.9,70.0,7.73,9.0,10.0,6.0,0.0,True,,4.9,202.0,7.74,,,177.0,Glad for Kids (Disney),,"B0C2ZMYZKV (G4K Disney - 12oz Paper Bowls, 40ct -  Floral Frames MIXED PACK)",[],True,False,True,True,Disposable Tabletop,253.0,B0C2ZMYZKV,2025-11-27,,,,,
In Stock,ACTIVE,0.286,46.0,7.71,6.0,21.0,6.0,0.0,True,,4.9,201.0,7.71,,,161.0,Glad for Kids (Disney),,"B0C2ZMYZKV (G4K Disney - 12oz Paper Bowls, 40ct -  Floral Frames MIXED PACK)",[],True,False,True,True,Disposable Tabletop,247.0,B0C2ZMYZKV,2025-11-26,,,,,
In Stock,ACTIVE,0.176,21.0,7.13,3.0,17.0,6.0,0.0,True,,4.9,201.0,7.71,,,128.0,Glad for Kids (Disney),,"B0C2ZMYZKV (G4K Disney - 12oz Paper Bowls, 40ct -  Floral Frames MIXED PACK)",[],True,False,True,True,Disposable Tabletop,251.0,B0C2ZMYZKV,2025-11-25,,,,,
In Stock,ACTIVE,0.111,15.0,7.7,2.0,18.0,6.0,0.0,True,,4.9,201.0,7.7,,,116.0,Glad for Kids (Disney),,"B0C2ZMYZKV (G4K Disney - 12oz Paper Bowls, 40ct -  Floral Frames MIXED PACK)",[],True,False,True,True,Disposable Tabletop,252.0,B0C2ZMYZKV,2025-11-24,,,,,
In Stock,ACTIVE,0.2,54.0,7.69,7.0,35.0,6.0,0.0,True,,4.9,201.0,7.7,,,140.0,Glad for Kids (Disney),,"B0C2ZMYZKV (G4K Disney - 12oz Paper Bowls, 40ct -  Floral Frames MIXED PACK)",[],True,False,True,True,Disposable Tabletop,256.0,B0C2ZMYZKV,2025-11-23,,,,,
In Stock,ACTIVE,0.292,50.0,7.2,7.0,24.0,6.0,0.0,True,,4.9,201.0,7.69,,,133.0,Glad for Kids (Disney),,"B0C2ZMYZKV (G4K Disney - 12oz Paper Bowls, 40ct -  Floral Frames MIXED PACK)",[],True,False,True,True,Disposable Tabletop,263.0,B0C2ZMYZKV,2025-11-22,0.0,0.0,0.0,0.0,0.0
In Stock,ACTIVE,0.09699999999999999,23.0,7.66,3.0,31.0,6.0,0.0,True,,4.9,201.0,7.66,,,136.0,Glad for Kids (Disney),,"B0C2ZMYZKV (G4K Disney - 12oz Paper Bowls, 40ct -  Floral Frames MIXED PACK)",[],True,False,True,True,Disposable Tabletop,256.0,B0C2ZMYZKV,2025-11-21,0.0,0.0,0.0,0.0,0.0
In Stock,ACTIVE,0.135,36.0,7.14,5.0,37.0,6.0,0.0,True,,4.9,201.0,7.66,,,131.0,Glad for Kids (Disney),,"B0C2ZMYZKV (G4K Disney - 12oz Paper Bowls, 40ct -  Floral Frames MIXED PACK)",[],True,False,True,True,Disposable Tabletop,260.0,B0C2ZMYZKV,2025-11-20,0.0,0.0,0.0,0.0,0.0
In Stock,ACTIVE,0.107,46.0,7.67,6.0,56.0,6.0,0.0,True,,4.9,201.0,7.68,,,124.0,Glad for Kids (Disney),,"B0C2ZMYZKV (G4K Disney - 12oz Paper Bowls, 40ct -  Floral Frames MIXED PACK)",[],True,False,True,True,Disposable Tabletop,274.0,B0C2ZMYZKV,2025-11-19,0.0,0.0,0.0,0.0,0.0
In Stock,ACTIVE,0.188,46.0,7.68,6.0,32.0,6.0,0.0,True,,4.9,201.0,7.68,,,103.0,Glad for Kids (Disney),,"B0C2ZMYZKV (G4K Disney - 12oz Paper Bowls, 40ct -  Floral Frames MIXED PACK)",[],True,False,True,True,Disposable Tabletop,268.0,B0C2ZMYZKV,2025-11-18,0.0,0.0,0.0,0.0,0.0
In Stock,ACTIVE,0.121,31.0,7.69,4.0,33.0,6.0,0.0,True,,4.9,200.0,7.69,,,112.0,Glad for Kids (Disney),,"B0C2ZMYZKV (G4K Disney - 12oz Paper Bowls, 40ct -  Floral Frames MIXED PACK)",[],True,False,True,True,Disposable Tabletop,271.0,B0C2ZMYZKV,2025-11-17,0.0,0.0,0.0,0.0,0.0
In Stock,ACTIVE,0.107,45.0,7.45,6.0,56.0,6.0,0.0,True,,4.9,200.0,7.7,0.01464128843338214,0.2,123.0,Glad for Kids (Disney),1.955,"B0C2ZMYZKV (G4K Disney - 12oz Paper Bowls, 40ct -  Floral Frames MIXED PACK)",[],True,False,True,True,Disposable Tabletop,272.0,B0C2ZMYZKV,2025-11-16,19.55,15.39,10.0,683.0,2.0
In Stock,ACTIVE,0.086,38.0,7.51,5.0,58.0,6.0,0.0,True,,4.9,200.0,7.71,0.02537313432835821,0.2941176470588235,107.0,Glad for Kids (Disney),1.224117647058824,"B0C2ZMYZKV (G4K Disney - 12oz Paper Bowls, 40ct -  Floral Frames MIXED PACK)",[],True,False,True,True,Disposable Tabletop,279.0,B0C2ZMYZKV,2025-11-15,20.81,28.79,17.0,670.0,5.0
In Stock,ACTIVE,0.143,37.0,7.45,5.0,35.0,6.0,0.0,True,,4.9,200.0,7.72,0.02092050209205021,0.0,101.0,Glad for Kids (Disney),1.87,"B0C2ZMYZKV (G4K Disney - 12oz Paper Bowls, 40ct -  Floral Frames MIXED PACK)",[],True,False,True,True,Disposable Tabletop,275.0,B0C2ZMYZKV,2025-11-14,18.7,0.0,10.0,478.0,0.0
In Stock,ACTIVE,0.281,68.0,7.55,9.0,32.0,6.0,0.0,True,,4.9,200.0,7.72,0.02,0.4545454545454545,97.0,Glad for Kids (Disney),1.507272727272727,"B0C2ZMYZKV (G4K Disney - 12oz Paper Bowls, 40ct -  Floral Frames MIXED PACK)",[],True,False,True,True,Disposable Tabletop,280.0,B0C2ZMYZKV,2025-11-13,16.58,37.02,11.0,550.0,5.0
In Stock,ACTIVE,0.061,31.0,7.8,4.0,66.0,6.0,0.0,True,,4.9,200.0,7.74,0.006191950464396285,0.3333333333333333,97.0,Glad for Kids (Disney),1.636666666666667,"B0C2ZMYZKV (G4K Disney - 12oz Paper Bowls, 40ct -  Floral Frames MIXED PACK)",[],True,False,True,True,Disposable Tabletop,286.0,B0C2ZMYZKV,2025-11-12,19.64,47.07,12.0,1938.0,4.0
In Stock,ACTIVE,0.105,47.0,7.79,6.0,57.0,6.0,0.0,True,,4.9,200.0,7.82,0.009079118028534372,0.0,97.0,Glad for Kids (Disney),2.321428571428572,"B0C2ZMYZKV (G4K Disney - 12oz Paper Bowls, 40ct -  Floral Frames MIXED PACK)",[],True,False,True,True,Disposable Tabletop,300.0,B0C2ZMYZKV,2025-11-11,16.25,0.0,7.0,771.0,0.0
In Stock,ACTIVE,0.113,53.0,7.54,7.0,62.0,6.0,0.0,True,,4.9,200.0,7.8,0.007716049382716049,0.0,97.0,Glad for Kids (Disney),2.93,"B0C2ZMYZKV (G4K Disney - 12oz Paper Bowls, 40ct -  Floral Frames MIXED PACK)",[],True,False,True,True,Disposable Tabletop,309.0,B0C2ZMYZKV,2025-11-10,14.65,0.0,5.0,648.0,0.0
In Stock,ACTIVE,0.172,86.0,7.81,11.0,64.0,6.0,0.0,True,,4.9,199.0,7.8,0.006493506493506494,0.0,97.0,Glad for Kids (Disney),3.075,"B0C2ZMYZKV (G4K Disney - 12oz Paper Bowls, 40ct -  Floral Frames MIXED PACK)",[],True,False,True,True,Disposable Tabletop,303.0,B0C2ZMYZKV,2025-11-09,6.15,0.0,2.0,308.0,0.0
In Stock,ACTIVE,0.116,37.0,7.47,5.0,43.0,6.0,0.0,True,,4.9,198.0,7.81,0.007633587786259542,0.0,97.0,Glad for Kids (Disney),2.746666666666667,"B0C2ZMYZKV (G4K Disney - 12oz Paper Bowls, 40ct -  Floral Frames MIXED PACK)",[],True,False,True,True,Disposable Tabletop,308.0,B0C2ZMYZKV,2025-11-08,8.24,0.0,3.0,393.0,0.0
In Stock,ACTIVE,0.136,44.0,7.35,6.0,44.0,6.0,0.0,True,,4.9,198.0,7.85,0.005486968449931412,0.0,97.0,Glad for Kids (Disney),1.7025,"B0C2ZMYZKV (G4K Disney - 12oz Paper Bowls, 40ct -  Floral Frames MIXED PACK)",[],True,False,True,True,Disposable Tabletop,314.0,B0C2ZMYZKV,2025-11-07,6.81,0.0,4.0,729.0,0.0
In Stock,ACTIVE,0.132,53.0,7.59,7.0,53.0,6.0,0.0,True,,4.9,198.0,7.86,0.004830917874396135,0.25,102.0,Glad for Kids (Disney),1.9925,"B0C2ZMYZKV (G4K Disney - 12oz Paper Bowls, 40ct -  Floral Frames MIXED PACK)",[],True,False,True,True,Disposable Tabletop,327.0,B0C2ZMYZKV,2025-11-06,7.97,7.86,4.0,828.0,1.0
In Stock,ACTIVE,0.167,96.0,7.41,13.0,78.0,6.0,0.0,True,,4.9,198.0,7.85,0.008113590263691683,0.0,102.0,Glad for Kids (Disney),2.9975,"B0C2ZMYZKV (G4K Disney - 12oz Paper Bowls, 40ct -  Floral Frames MIXED PACK)",[],True,False,True,True,Disposable Tabletop,330.0,B0C2ZMYZKV,2025-11-05,11.99,0.0,4.0,493.0,0.0
In Stock,ACTIVE,0.151,62.0,7.71,8.0,53.0,6.0,0.0,True,,4.9,198.0,7.85,0.0125673249551167,0.0,103.0,Glad for Kids (Disney),1.287142857142857,"B0C2ZMYZKV (G4K Disney - 12oz Paper Bowls, 40ct -  Floral Frames MIXED PACK)",[],True,False,True,True,Disposable Tabletop,331.0,B0C2ZMYZKV,2025-11-04,9.01,0.0,7.0,557.0,0.0
In Stock,ACTIVE,0.163,61.0,7.67,8.0,49.0,6.0,0.0,True,,4.9,198.0,7.85,0.008756567425569177,0.0,150.0,Glad for Kids (Disney),1.508,"B0C2ZMYZKV (G4K Disney - 12oz Paper Bowls, 40ct -  Floral Frames MIXED PACK)",[],True,False,True,True,Disposable Tabletop,320.0,B0C2ZMYZKV,2025-11-03,7.54,0.0,5.0,571.0,0.0
In Stock,ACTIVE,0.116,71.0,8.93,8.0,69.0,6.0,0.0,True,,4.9,198.0,9.26,0.003610108303249098,0.0,157.0,Glad for Kids (Disney),2.073333333333333,"B0C2ZMYZKV (G4K Disney - 12oz Paper Bowls, 40ct -  Floral Frames MIXED PACK)",[],True,False,True,True,Disposable Tabletop,326.0,B0C2ZMYZKV,2025-11-02,6.22,0.0,3.0,831.0,0.0
In Stock,ACTIVE,0.05599999999999999,19.0,9.28,2.0,36.0,6.0,0.0,True,,4.9,198.0,9.28,0.004849660523763337,0.2,160.0,Glad for Kids (Disney),2.154,"B0C2ZMYZKV (G4K Disney - 12oz Paper Bowls, 40ct -  Floral Frames MIXED PACK)",[],True,False,True,True,Disposable Tabletop,323.0,B0C2ZMYZKV,2025-11-01,10.77,9.26,5.0,1031.0,1.0
In Stock,ACTIVE,0.069,19.0,9.34,2.0,29.0,6.0,0.0,True,,4.9,198.0,9.34,0.005701254275940707,0.0,161.0,Glad for Kids (Disney),2.234,"B0C2ZMYZKV (G4K Disney - 12oz Paper Bowls, 40ct -  Floral Frames MIXED PACK)",[],True,False,True,True,Disposable Tabletop,317.0,B0C2ZMYZKV,2025-10-31,11.17,0.0,5.0,877.0,0.0
In Stock,ACTIVE,0.077,19.0,9.34,2.0,26.0,6.0,0.0,True,,4.9,198.0,9.33,0.006543075245365322,0.0,169.0,Glad for Kids (Disney),2.47,"B0C2ZMYZKV (G4K Disney - 12oz Paper Bowls, 40ct -  Floral Frames MIXED PACK)",[],True,False,True,True,Disposable Tabletop,328.0,B0C2ZMYZKV,2025-10-30,14.82,0.0,6.0,917.0,0.0
In Stock,ACTIVE,0.05400000000000001,19.0,9.33,2.0,37.0,6.0,0.0,True,,4.9,197.0,9.33,0.007672634271099744,0.0,154.0,Glad for Kids (Disney),2.357777777777778,"B0C2ZMYZKV (G4K Disney - 12oz Paper Bowls, 40ct -  Floral Frames MIXED PACK)",[],True,False,True,True,Disposable Tabletop,335.0,B0C2ZMYZKV,2025-10-29,21.22,0.0,9.0,1173.0,0.0
In Stock,ACTIVE,0.16,35.0,8.78,4.0,25.0,6.0,0.0,True,,4.9,196.0,9.32,0.00264783759929391,1.333333333333333,134.0,Glad for Kids (Disney),2.3,"B0C2ZMYZKV (G4K Disney - 12oz Paper Bowls, 40ct -  Floral Frames MIXED PACK)",[],True,False,True,True,Disposable Tabletop,310.0,B0C2ZMYZKV,2025-10-28,6.9,35.34,3.0,1133.0,4.0
In Stock,ACTIVE,0.063,19.0,9.31,2.0,32.0,6.0,0.0,True,,4.9,196.0,9.3,0.0008496176720475786,0.0,124.0,Glad for Kids (Disney),2.73,"B0C2ZMYZKV (G4K Disney - 12oz Paper Bowls, 40ct -  Floral Frames MIXED PACK)",[],True,False,True,True,Disposable Tabletop,305.0,B0C2ZMYZKV,2025-10-27,2.73,0.0,1.0,1177.0,0.0
In Stock,ACTIVE,0.111,44.0,8.8,5.0,45.0,6.0,0.0,True,,4.9,196.0,9.2,0.01238390092879257,0.375,125.0,Glad for Kids (Disney),1.69375,"B0C2ZMYZKV (G4K Disney - 12oz Paper Bowls, 40ct -  Floral Frames MIXED PACK)",[],True,False,True,True,Disposable Tabletop,303.0,B0C2ZMYZKV,2025-10-26,13.55,44.43,8.0,646.0,3.0
In Stock,ACTIVE,0.08800000000000001,28.0,9.2,3.0,34.0,6.0,0.0,True,,4.9,195.0,9.2,0.004722550177095631,0.0,151.0,Glad for Kids (Disney),1.3625,"B0C2ZMYZKV (G4K Disney - 12oz Paper Bowls, 40ct -  Floral Frames MIXED PACK)",[],True,False,True,True,Disposable Tabletop,317.0,B0C2ZMYZKV,2025-10-25,5.45,0.0,4.0,847.0,0.0
In Stock,ACTIVE,0.194,64.0,9.19,7.0,36.0,6.0,0.0,True,,4.9,195.0,9.2,0.008561643835616438,0.8,147.0,Glad for Kids (Disney),2.038,"B0C2ZMYZKV (G4K Disney - 12oz Paper Bowls, 40ct -  Floral Frames MIXED PACK)",[],True,False,True,True,Disposable Tabletop,313.0,B0C2ZMYZKV,2025-10-24,10.19,35.08,5.0,584.0,4.0
In Stock,ACTIVE,0.09300000000000001,37.0,9.2,4.0,43.0,6.0,0.0,True,,4.9,195.0,9.2,0.01054216867469879,0.0,109.0,Glad for Kids (Disney),2.732857142857143,"B0C2ZMYZKV (G4K Disney - 12oz Paper Bowls, 40ct -  Floral Frames MIXED PACK)",[],True,False,True,True,Disposable Tabletop,317.0,B0C2ZMYZKV,2025-10-23,19.13,0.0,7.0,664.0,0.0
In Stock,ACTIVE,0.068,35.0,8.7,4.0,59.0,6.0,0.0,True,,4.9,195.0,9.2,0.006741573033707865,0.1666666666666667,112.0,Glad for Kids (Disney),1.766666666666667,"B0C2ZMYZKV (G4K Disney - 12oz Paper Bowls, 40ct -  Floral Frames MIXED PACK)",[],True,False,True,True,Disposable Tabletop,320.0,B0C2ZMYZKV,2025-10-22,10.6,7.38,6.0,890.0,1.0
In Stock,ACTIVE,0.086,46.0,9.2,5.0,58.0,6.0,0.0,True,,4.9,195.0,9.2,0.005286343612334802,0.0,112.0,Glad for Kids (Disney),2.185,"B0C2ZMYZKV (G4K Disney - 12oz Paper Bowls, 40ct -  Floral Frames MIXED PACK)",[],True,False,True,True,Disposable Tabletop,323.0,B0C2ZMYZKV,2025-10-21,13.11,0.0,6.0,1135.0,0.0
In Stock,ACTIVE,0.172,44.0,8.8,5.0,29.0,6.0,0.0,True,,4.9,195.0,9.2,,,112.0,Glad for Kids (Disney),,"B0C2ZMYZKV (G4K Disney - 12oz Paper Bowls, 40ct -  Floral Frames MIXED PACK)",[],True,False,True,True,Disposable Tabletop,323.0,B0C2ZMYZKV,2025-10-20,0.0,0.0,0.0,0.0,0.0
